
> profile-app@1.0.0 build
> react-scripts build

(node:16132) [DEP0176] DeprecationWarning: fs.F_OK is deprecated, use fs.constants.F_OK instead
(Use `node --trace-deprecation ...` to show where the warning was created)
Creating an optimized production build...
Compiled with warnings.

[eslint] 
src\components\ProtectedRoute.js
  Line 1:8:  'React' is defined but never used  no-unused-vars

src\pages\Dashboard.js
  Line 12:9:  'navigate' is assigned a value but never used  no-unused-vars

src\pages\Profile.js
  Line 2:10:   'useLocation' is defined but never used       no-unused-vars
  Line 18:10:  'privacy' is assigned a value but never used  no-unused-vars

Search for the keywords to learn more about each warning.
To ignore, add // eslint-disable-next-line to the line before.

File sizes after gzip:

  61.01 kB  build\static\js\main.d25c182e.js
  2.54 kB   build\static\css\main.6e2e5078.css

The project was built assuming it is hosted at /.
You can control this with the homepage field in your package.json.

The build folder is ready to be deployed.
You may serve it with a static server:

  npm install -g serve
  serve -s build

Find out more about deployment here:

  https://cra.link/deployment

